eeschema (2013-mar-25)-stable  >> Creation date: maandag 22 april 2013 21:20:13
#Cmp ( order = Reference )
| B0         CONN_1      
| B1         CONN_1      
| B2         CONN_1      
| B3         CONN_1      
| B4         CONN_1      
| B5         CONN_1      
| B6         CONN_1      
| B7         CONN_1      
| B8         CONN_1      
| B9         CONN_1      
| B10        CONN_1      
| B11        CONN_1      
| B12        CONN_1      
| B13        CONN_1      
| B14        CONN_1      
| B15        CONN_1      
| B16        CONN_1      
| B17        CONN_1      
| B18        CONN_1      
| B19        CONN_1      
| B20        CONN_1      
| B21        CONN_1      
| B22        CONN_1      
| B23        CONN_1      
| B24        CONN_1      
| B25        CONN_1      
| B26        CONN_1      
| B27        CONN_1      
| B28        CONN_1      
| B29        CONN_1      
| B30        CONN_1      
| B31        CONN_1      
| B32        CONN_1      
| B33        CONN_1      
| B34        CONN_1      
| B35        CONN_1      
| B36        CONN_1      
| B37        CONN_1      
| B38        CONN_1      
| B39        CONN_1      
| B40        CONN_1      
| B41        CONN_1      
| B42        CONN_1      
| B43        CONN_1      
| B44        CONN_1      
| B45        CONN_1      
| B46        CONN_1      
| B47        CONN_1      
| B48        CONN_1      
| B49        CONN_1      
| B50        CONN_1      
| B51        CONN_1      
| B52        CONN_1      
| B53        CONN_1      
| B54        CONN_1      
| B55        CONN_1      
| B56        CONN_1      
| B57        CONN_1      
| B58        CONN_1      
| B59        CONN_1      
| B60        CONN_1      
| B61        CONN_1      
| B62        CONN_1      
| B63        CONN_1      
| C1         1000uF      
| C2         1000uF      
| C3         100uF       
| C4         1000uF      
| C5         1000uF      
| C6         1000uF      
| C7         1000uF      
| C8         1000uF      
| G0         CONN_1      
| G1         CONN_1      
| G2         CONN_1      
| G3         CONN_1      
| G4         CONN_1      
| G5         CONN_1      
| G6         CONN_1      
| G7         CONN_1      
| G8         CONN_1      
| G9         CONN_1      
| G10        CONN_1      
| G11        CONN_1      
| G12        CONN_1      
| G13        CONN_1      
| G14        CONN_1      
| G15        CONN_1      
| G16        CONN_1      
| G17        CONN_1      
| G18        CONN_1      
| G19        CONN_1      
| G20        CONN_1      
| G21        CONN_1      
| G22        CONN_1      
| G23        CONN_1      
| G24        CONN_1      
| G25        CONN_1      
| G26        CONN_1      
| G27        CONN_1      
| G28        CONN_1      
| G29        CONN_1      
| G30        CONN_1      
| G31        CONN_1      
| G32        CONN_1      
| G33        CONN_1      
| G34        CONN_1      
| G35        CONN_1      
| G36        CONN_1      
| G37        CONN_1      
| G38        CONN_1      
| G39        CONN_1      
| G40        CONN_1      
| G41        CONN_1      
| G42        CONN_1      
| G43        CONN_1      
| G44        CONN_1      
| G45        CONN_1      
| G46        CONN_1      
| G47        CONN_1      
| G48        CONN_1      
| G49        CONN_1      
| G50        CONN_1      
| G51        CONN_1      
| G52        CONN_1      
| G53        CONN_1      
| G54        CONN_1      
| G55        CONN_1      
| G56        CONN_1      
| G57        CONN_1      
| G58        CONN_1      
| G59        CONN_1      
| G60        CONN_1      
| G61        CONN_1      
| G62        CONN_1      
| G63        CONN_1      
| IC1        DM13A       
| IC2        DM13A       
| IC3        DM13A       
| IC4        DM13A       
| IC5        DM13A       
| IC6        DM13A       
| IC7        DM13A       
| IC8        DM13A       
| IC9        DM13A       
| IC10       DM13A       
| IC11       DM13A       
| IC12       DM13A       
| IC13       74HC595     
| IC14       74LS138     
| L1_ROW1    LAYER1      
| L1_ROW2    CONN_1      
| L1_ROW3    CONN_1      
| L1_ROW4    CONN_1      
| L1_ROW5    CONN_1      
| L1_ROW6    CONN_1      
| L1_ROW7    CONN_1      
| L1_ROW8    CONN_1      
| L2_ROW1    LAYER2      
| L2_ROW2    CONN_1      
| L2_ROW3    CONN_1      
| L2_ROW4    CONN_1      
| L2_ROW5    CONN_1      
| L2_ROW6    CONN_1      
| L2_ROW7    CONN_1      
| L2_ROW8    CONN_1      
| L3_ROW1    LAYER3      
| L3_ROW2    CONN_1      
| L3_ROW3    CONN_1      
| L3_ROW4    CONN_1      
| L3_ROW5    CONN_1      
| L3_ROW6    CONN_1      
| L3_ROW7    CONN_1      
| L3_ROW8    CONN_1      
| L4_ROW1    LAYER4      
| L4_ROW2    CONN_1      
| L4_ROW3    CONN_1      
| L4_ROW4    CONN_1      
| L4_ROW5    CONN_1      
| L4_ROW6    CONN_1      
| L4_ROW7    CONN_1      
| L4_ROW8    CONN_1      
| L5_ROW1    LAYER5      
| L5_ROW2    CONN_1      
| L5_ROW3    CONN_1      
| L5_ROW4    CONN_1      
| L5_ROW5    CONN_1      
| L5_ROW6    CONN_1      
| L5_ROW7    CONN_1      
| L5_ROW8    CONN_1      
| L6_ROW1    LAYER6      
| L6_ROW2    CONN_1      
| L6_ROW3    CONN_1      
| L6_ROW4    CONN_1      
| L6_ROW5    CONN_1      
| L6_ROW6    CONN_1      
| L6_ROW7    CONN_1      
| L6_ROW8    CONN_1      
| L7_ROW1    LAYER7      
| L7_ROW2    CONN_1      
| L7_ROW3    CONN_1      
| L7_ROW4    CONN_1      
| L7_ROW5    CONN_1      
| L7_ROW6    CONN_1      
| L7_ROW7    CONN_1      
| L7_ROW8    CONN_1      
| L8_ROW1    LAYER8      
| L8_ROW2    CONN_1      
| L8_ROW3    CONN_1      
| L8_ROW4    CONN_1      
| L8_ROW5    CONN_1      
| L8_ROW6    CONN_1      
| L8_ROW7    CONN_1      
| L8_ROW8    CONN_1      
| P1         CONN_7      
| R0         CONN_1      
| R1         100         
| R2         100         
| R3         100         
| R4         100         
| R5         100         
| R6         100         
| R7         100         
| R8         100         
| R9         2K8         
| R10        2K8         
| R11        2K8         
| R12        2K8         
| R13        2K8         
| R14        2K8         
| R15        2K8         
| R16        2K8         
| R17        2K8         
| R18        2k8         
| R19        2K8         
| R20        2K8         
| R21        CONN_1      
| R22        CONN_1      
| R23        CONN_1      
| R24        CONN_1      
| R25        CONN_1      
| R26        CONN_1      
| R27        CONN_1      
| R28        CONN_1      
| R29        CONN_1      
| R30        CONN_1      
| R31        CONN_1      
| R32        CONN_1      
| R33        CONN_1      
| R34        CONN_1      
| R35        CONN_1      
| R36        CONN_1      
| R37        CONN_1      
| R38        CONN_1      
| R39        CONN_1      
| R40        CONN_1      
| R41        CONN_1      
| R42        CONN_1      
| R43        CONN_1      
| R44        CONN_1      
| R45        CONN_1      
| R46        CONN_1      
| R47        CONN_1      
| R48        CONN_1      
| R49        CONN_1      
| R50        CONN_1      
| R51        CONN_1      
| R52        CONN_1      
| R53        CONN_1      
| R54        CONN_1      
| R55        CONN_1      
| R56        CONN_1      
| R57        CONN_1      
| R58        CONN_1      
| R59        CONN_1      
| R60        CONN_1      
| R61        CONN_1      
| R62        CONN_1      
| R63        CONN_1      
| T1         F9Z34N      
| T2         F9Z34N      
| T3         F9Z34N      
| T4         F9Z34N      
| T5         F9Z34N      
| T6         F9Z34N      
| T7         F9Z34N      
| T8         F9Z34N      
#End Cmp

#Cmp ( order = Value )
| CONN_1       B0        
| CONN_1       B1        
| CONN_1       B2        
| CONN_1       B3        
| CONN_1       B4        
| CONN_1       B5        
| CONN_1       B6        
| CONN_1       B7        
| CONN_1       B8        
| CONN_1       B9        
| CONN_1       B10       
| CONN_1       B11       
| CONN_1       B12       
| CONN_1       B13       
| CONN_1       B14       
| CONN_1       B15       
| CONN_1       B16       
| CONN_1       B17       
| CONN_1       B18       
| CONN_1       B19       
| CONN_1       B20       
| CONN_1       B21       
| CONN_1       B22       
| CONN_1       B23       
| CONN_1       B24       
| CONN_1       B25       
| CONN_1       B26       
| CONN_1       B27       
| CONN_1       B28       
| CONN_1       B29       
| CONN_1       B30       
| CONN_1       B31       
| CONN_1       B32       
| CONN_1       B33       
| CONN_1       B34       
| CONN_1       B35       
| CONN_1       B36       
| CONN_1       B37       
| CONN_1       B38       
| CONN_1       B39       
| CONN_1       B40       
| CONN_1       B41       
| CONN_1       B42       
| CONN_1       B43       
| CONN_1       B44       
| CONN_1       B45       
| CONN_1       B46       
| CONN_1       B47       
| CONN_1       B48       
| CONN_1       B49       
| CONN_1       B50       
| CONN_1       B51       
| CONN_1       B52       
| CONN_1       B53       
| CONN_1       B54       
| CONN_1       B55       
| CONN_1       B56       
| CONN_1       B57       
| CONN_1       B58       
| CONN_1       B59       
| CONN_1       B60       
| CONN_1       B61       
| CONN_1       B62       
| CONN_1       B63       
| 100uF        C3        
| 1000uF       C1        
| 1000uF       C2        
| 1000uF       C4        
| 1000uF       C5        
| 1000uF       C6        
| 1000uF       C7        
| 1000uF       C8        
| CONN_1       G0        
| CONN_1       G1        
| CONN_1       G2        
| CONN_1       G3        
| CONN_1       G4        
| CONN_1       G5        
| CONN_1       G6        
| CONN_1       G7        
| CONN_1       G8        
| CONN_1       G9        
| CONN_1       G10       
| CONN_1       G11       
| CONN_1       G12       
| CONN_1       G13       
| CONN_1       G14       
| CONN_1       G15       
| CONN_1       G16       
| CONN_1       G17       
| CONN_1       G18       
| CONN_1       G19       
| CONN_1       G20       
| CONN_1       G21       
| CONN_1       G22       
| CONN_1       G23       
| CONN_1       G24       
| CONN_1       G25       
| CONN_1       G26       
| CONN_1       G27       
| CONN_1       G28       
| CONN_1       G29       
| CONN_1       G30       
| CONN_1       G31       
| CONN_1       G32       
| CONN_1       G33       
| CONN_1       G34       
| CONN_1       G35       
| CONN_1       G36       
| CONN_1       G37       
| CONN_1       G38       
| CONN_1       G39       
| CONN_1       G40       
| CONN_1       G41       
| CONN_1       G42       
| CONN_1       G43       
| CONN_1       G44       
| CONN_1       G45       
| CONN_1       G46       
| CONN_1       G47       
| CONN_1       G48       
| CONN_1       G49       
| CONN_1       G50       
| CONN_1       G51       
| CONN_1       G52       
| CONN_1       G53       
| CONN_1       G54       
| CONN_1       G55       
| CONN_1       G56       
| CONN_1       G57       
| CONN_1       G58       
| CONN_1       G59       
| CONN_1       G60       
| CONN_1       G61       
| CONN_1       G62       
| CONN_1       G63       
| DM13A        IC1       
| DM13A        IC2       
| DM13A        IC3       
| DM13A        IC4       
| DM13A        IC5       
| DM13A        IC6       
| DM13A        IC7       
| DM13A        IC8       
| DM13A        IC9       
| DM13A        IC10      
| DM13A        IC11      
| DM13A        IC12      
| 74HC595      IC13      
| 74LS138      IC14      
| LAYER1       L1_ROW1   
| CONN_1       L1_ROW2   
| CONN_1       L1_ROW3   
| CONN_1       L1_ROW4   
| CONN_1       L1_ROW5   
| CONN_1       L1_ROW6   
| CONN_1       L1_ROW7   
| CONN_1       L1_ROW8   
| LAYER2       L2_ROW1   
| CONN_1       L2_ROW2   
| CONN_1       L2_ROW3   
| CONN_1       L2_ROW4   
| CONN_1       L2_ROW5   
| CONN_1       L2_ROW6   
| CONN_1       L2_ROW7   
| CONN_1       L2_ROW8   
| LAYER3       L3_ROW1   
| CONN_1       L3_ROW2   
| CONN_1       L3_ROW3   
| CONN_1       L3_ROW4   
| CONN_1       L3_ROW5   
| CONN_1       L3_ROW6   
| CONN_1       L3_ROW7   
| CONN_1       L3_ROW8   
| LAYER4       L4_ROW1   
| CONN_1       L4_ROW2   
| CONN_1       L4_ROW3   
| CONN_1       L4_ROW4   
| CONN_1       L4_ROW5   
| CONN_1       L4_ROW6   
| CONN_1       L4_ROW7   
| CONN_1       L4_ROW8   
| LAYER5       L5_ROW1   
| CONN_1       L5_ROW2   
| CONN_1       L5_ROW3   
| CONN_1       L5_ROW4   
| CONN_1       L5_ROW5   
| CONN_1       L5_ROW6   
| CONN_1       L5_ROW7   
| CONN_1       L5_ROW8   
| LAYER6       L6_ROW1   
| CONN_1       L6_ROW2   
| CONN_1       L6_ROW3   
| CONN_1       L6_ROW4   
| CONN_1       L6_ROW5   
| CONN_1       L6_ROW6   
| CONN_1       L6_ROW7   
| CONN_1       L6_ROW8   
| LAYER7       L7_ROW1   
| CONN_1       L7_ROW2   
| CONN_1       L7_ROW3   
| CONN_1       L7_ROW4   
| CONN_1       L7_ROW5   
| CONN_1       L7_ROW6   
| CONN_1       L7_ROW7   
| CONN_1       L7_ROW8   
| LAYER8       L8_ROW1   
| CONN_1       L8_ROW2   
| CONN_1       L8_ROW3   
| CONN_1       L8_ROW4   
| CONN_1       L8_ROW5   
| CONN_1       L8_ROW6   
| CONN_1       L8_ROW7   
| CONN_1       L8_ROW8   
| CONN_7       P1        
| 100          R1        
| 100          R2        
| 100          R3        
| 100          R4        
| 100          R5        
| 100          R6        
| 100          R7        
| 100          R8        
| 2K8          R9        
| 2K8          R10       
| 2K8          R11       
| 2K8          R12       
| 2K8          R13       
| 2K8          R14       
| 2K8          R15       
| 2K8          R16       
| 2K8          R17       
| 2k8          R18       
| 2K8          R19       
| 2K8          R20       
| CONN_1       R0        
| CONN_1       R21       
| CONN_1       R22       
| CONN_1       R23       
| CONN_1       R24       
| CONN_1       R25       
| CONN_1       R26       
| CONN_1       R27       
| CONN_1       R28       
| CONN_1       R29       
| CONN_1       R30       
| CONN_1       R31       
| CONN_1       R32       
| CONN_1       R33       
| CONN_1       R34       
| CONN_1       R35       
| CONN_1       R36       
| CONN_1       R37       
| CONN_1       R38       
| CONN_1       R39       
| CONN_1       R40       
| CONN_1       R41       
| CONN_1       R42       
| CONN_1       R43       
| CONN_1       R44       
| CONN_1       R45       
| CONN_1       R46       
| CONN_1       R47       
| CONN_1       R48       
| CONN_1       R49       
| CONN_1       R50       
| CONN_1       R51       
| CONN_1       R52       
| CONN_1       R53       
| CONN_1       R54       
| CONN_1       R55       
| CONN_1       R56       
| CONN_1       R57       
| CONN_1       R58       
| CONN_1       R59       
| CONN_1       R60       
| CONN_1       R61       
| CONN_1       R62       
| CONN_1       R63       
| F9Z34N       T1        
| F9Z34N       T2        
| F9Z34N       T3        
| F9Z34N       T4        
| F9Z34N       T5        
| F9Z34N       T6        
| F9Z34N       T7        
| F9Z34N       T8        
#End Cmp

#End List
